
   INFO  Running migrations.  

  2026_03_06_000002_add_escavador_prices_to_app_config  8ms FAIL

In Connection.php line 824:
                                                                    
  [Illuminate\Database\UniqueConstraintViolationException (23000)]  
  SQLSTATE[23000]: Integrity constraint violation:                  
  1062 Duplicate entry 'escavador_price_capa' for k                 
  ey 'app_config.PRIMARY' (Connection: mothership,                  
  SQL: insert into `app_config` (`description`, `ke                 
  y`, `updated_at`, `value`) values (Custo em Reais                 
   para baixar a capa completa de um processo do Es                 
  cavador V2., escavador_price_capa, 2026-03-06 22:                 
  54:51, 3.00), (Custo em Reais para realizar o dow                 
  nload em PDF da ├¡ntegra do di├írio oficial (Escava                 
  dor V1)., escavador_price_diario, 2026-03-06 22:5                 
  4:51, 3.00), (Custo em Reais para realizar uma bu                 
  sca gen├®rica de termos, entidades ou patentes (Es                 
  cavador V1)., escavador_price_busca, 2026-03-06 2                 
  2:54:51, 3.00), (Custo em Reais para gerar um res                 
  umo inteligente de um processo via IA (Escavador                  
  V2 Async)., escavador_price_resumo, 2026-03-06 22                 
  :54:51, 0.08))                                                    
                                                                    

Exception trace:
  at C:\laragon\www\adv-crm\vendor\laravel\framework\src\Illuminate\Database\Connection.php:824
 Illuminate\Database\Connection->runQueryCallback() at C:\laragon\www\adv-crm\vendor\laravel\framework\src\Illuminate\Database\Connection.php:783
 Illuminate\Database\Connection->run() at C:\laragon\www\adv-crm\vendor\laravel\framework\src\Illuminate\Database\MySqlConnection.php:34
 Illuminate\Database\MySqlConnection->insert() at C:\laragon\www\adv-crm\vendor\laravel\framework\src\Illuminate\Database\Query\Builder.php:3498
 Illuminate\Database\Query\Builder->insert() at C:\laragon\www\adv-crm\packages\SuiteZap\LawFirm\src\Database\Migrations\2026_03_06_000002_add_escavador_prices_to_app_config.php:16
 Illuminate\Database\Migrations\Migration@anonymous\C:\laragon\www\adv-crm\packages\SuiteZap\LawFirm\src\Database\Migrations\2026_03_06_000002_add_escavador_prices_to_app_config.php:11$152->up() at C:\laragon\www\adv-crm\vendor\laravel\framework\src\Illuminate\Database\Migrations\Migrator.php:501
 Illuminate\Database\Migrations\Migrator->runMethod() at C:\laragon\www\adv-crm\vendor\laravel\framework\src\Illuminate\Database\Migrations\Migrator.php:418
 Illuminate\Database\Migrations\Migrator->Illuminate\Database\Migrations\{closure}() at C:\laragon\www\adv-crm\vendor\laravel\framework\src\Illuminate\Database\Migrations\Migrator.php:427
 Illuminate\Database\Migrations\Migrator->runMigration() at C:\laragon\www\adv-crm\vendor\laravel\framework\src\Illuminate\Database\Migrations\Migrator.php:224
 Illuminate\Database\Migrations\Migrator->Illuminate\Database\Migrations\{closure}() at C:\laragon\www\adv-crm\vendor\laravel\framework\src\Illuminate\Console\View\Components\Task.php:37
 Illuminate\Console\View\Components\Task->render() at C:\laragon\www\adv-crm\vendor\laravel\framework\src\Illuminate\Database\Migrations\Migrator.php:783
 Illuminate\Database\Migrations\Migrator->write() at C:\laragon\www\adv-crm\vendor\laravel\framework\src\Illuminate\Database\Migrations\Migrator.php:224
 Illuminate\Database\Migrations\Migrator->runUp() at C:\laragon\www\adv-crm\vendor\laravel\framework\src\Illuminate\Database\Migrations\Migrator.php:189
 Illuminate\Database\Migrations\Migrator->runPending() at C:\laragon\www\adv-crm\vendor\laravel\framework\src\Illuminate\Database\Migrations\Migrator.php:132
 Illuminate\Database\Migrations\Migrator->run() at C:\laragon\www\adv-crm\vendor\laravel\framework\src\Illuminate\Database\Console\Migrations\MigrateCommand.php:90
 Illuminate\Database\Console\Migrations\MigrateCommand->Illuminate\Database\Console\Migrations\{closure}() at C:\laragon\www\adv-crm\vendor\laravel\framework\src\Illuminate\Database\Migrations\Migrator.php:641
 Illuminate\Database\Migrations\Migrator->usingConnection() at C:\laragon\www\adv-crm\vendor\laravel\framework\src\Illuminate\Database\Console\Migrations\MigrateCommand.php:83
 Illuminate\Database\Console\Migrations\MigrateCommand->handle() at C:\laragon\www\adv-crm\vendor\laravel\framework\src\Illuminate\Container\BoundMethod.php:36
 Illuminate\Container\BoundMethod::Illuminate\Container\{closure}() at C:\laragon\www\adv-crm\vendor\laravel\framework\src\Illuminate\Container\Util.php:41
 Illuminate\Container\Util::unwrapIfClosure() at C:\laragon\www\adv-crm\vendor\laravel\framework\src\Illuminate\Container\BoundMethod.php:93
 Illuminate\Container\BoundMethod::callBoundMethod() at C:\laragon\www\adv-crm\vendor\laravel\framework\src\Illuminate\Container\BoundMethod.php:35
 Illuminate\Container\BoundMethod::call() at C:\laragon\www\adv-crm\vendor\laravel\framework\src\Illuminate\Container\Container.php:662
 Illuminate\Container\Container->call() at C:\laragon\www\adv-crm\vendor\laravel\framework\src\Illuminate\Console\Command.php:211
 Illuminate\Console\Command->execute() at C:\laragon\www\adv-crm\vendor\symfony\console\Command\Command.php:326
 Symfony\Component\Console\Command\Command->run() at C:\laragon\www\adv-crm\vendor\laravel\framework\src\Illuminate\Console\Command.php:180
 Illuminate\Console\Command->run() at C:\laragon\www\adv-crm\vendor\symfony\console\Application.php:1106
 Symfony\Component\Console\Application->doRunCommand() at C:\laragon\www\adv-crm\vendor\symfony\console\Application.php:324
 Symfony\Component\Console\Application->doRun() at C:\laragon\www\adv-crm\vendor\symfony\console\Application.php:175
 Symfony\Component\Console\Application->run() at C:\laragon\www\adv-crm\vendor\laravel\framework\src\Illuminate\Foundation\Console\Kernel.php:201
 Illuminate\Foundation\Console\Kernel->handle() at C:\laragon\www\adv-crm\artisan:35

In MySqlConnection.php line 45:
                                                     
  [PDOException (23000)]                             
  SQLSTATE[23000]: Integrity constraint violation:   
  1062 Duplicate entry 'escavador_price_capa' for k  
  ey 'app_config.PRIMARY'                            
                                                     

Exception trace:
  at C:\laragon\www\adv-crm\vendor\laravel\framework\src\Illuminate\Database\MySqlConnection.php:45
 PDOStatement->execute() at C:\laragon\www\adv-crm\vendor\laravel\framework\src\Illuminate\Database\MySqlConnection.php:45
 Illuminate\Database\MySqlConnection->Illuminate\Database\{closure}() at C:\laragon\www\adv-crm\vendor\laravel\framework\src\Illuminate\Database\Connection.php:816
 Illuminate\Database\Connection->runQueryCallback() at C:\laragon\www\adv-crm\vendor\laravel\framework\src\Illuminate\Database\Connection.php:783
 Illuminate\Database\Connection->run() at C:\laragon\www\adv-crm\vendor\laravel\framework\src\Illuminate\Database\MySqlConnection.php:34
 Illuminate\Database\MySqlConnection->insert() at C:\laragon\www\adv-crm\vendor\laravel\framework\src\Illuminate\Database\Query\Builder.php:3498
 Illuminate\Database\Query\Builder->insert() at C:\laragon\www\adv-crm\packages\SuiteZap\LawFirm\src\Database\Migrations\2026_03_06_000002_add_escavador_prices_to_app_config.php:16
 Illuminate\Database\Migrations\Migration@anonymous\C:\laragon\www\adv-crm\packages\SuiteZap\LawFirm\src\Database\Migrations\2026_03_06_000002_add_escavador_prices_to_app_config.php:11$152->up() at C:\laragon\www\adv-crm\vendor\laravel\framework\src\Illuminate\Database\Migrations\Migrator.php:501
 Illuminate\Database\Migrations\Migrator->runMethod() at C:\laragon\www\adv-crm\vendor\laravel\framework\src\Illuminate\Database\Migrations\Migrator.php:418
 Illuminate\Database\Migrations\Migrator->Illuminate\Database\Migrations\{closure}() at C:\laragon\www\adv-crm\vendor\laravel\framework\src\Illuminate\Database\Migrations\Migrator.php:427
 Illuminate\Database\Migrations\Migrator->runMigration() at C:\laragon\www\adv-crm\vendor\laravel\framework\src\Illuminate\Database\Migrations\Migrator.php:224
 Illuminate\Database\Migrations\Migrator->Illuminate\Database\Migrations\{closure}() at C:\laragon\www\adv-crm\vendor\laravel\framework\src\Illuminate\Console\View\Components\Task.php:37
 Illuminate\Console\View\Components\Task->render() at C:\laragon\www\adv-crm\vendor\laravel\framework\src\Illuminate\Database\Migrations\Migrator.php:783
 Illuminate\Database\Migrations\Migrator->write() at C:\laragon\www\adv-crm\vendor\laravel\framework\src\Illuminate\Database\Migrations\Migrator.php:224
 Illuminate\Database\Migrations\Migrator->runUp() at C:\laragon\www\adv-crm\vendor\laravel\framework\src\Illuminate\Database\Migrations\Migrator.php:189
 Illuminate\Database\Migrations\Migrator->runPending() at C:\laragon\www\adv-crm\vendor\laravel\framework\src\Illuminate\Database\Migrations\Migrator.php:132
 Illuminate\Database\Migrations\Migrator->run() at C:\laragon\www\adv-crm\vendor\laravel\framework\src\Illuminate\Database\Console\Migrations\MigrateCommand.php:90
 Illuminate\Database\Console\Migrations\MigrateCommand->Illuminate\Database\Console\Migrations\{closure}() at C:\laragon\www\adv-crm\vendor\laravel\framework\src\Illuminate\Database\Migrations\Migrator.php:641
 Illuminate\Database\Migrations\Migrator->usingConnection() at C:\laragon\www\adv-crm\vendor\laravel\framework\src\Illuminate\Database\Console\Migrations\MigrateCommand.php:83
 Illuminate\Database\Console\Migrations\MigrateCommand->handle() at C:\laragon\www\adv-crm\vendor\laravel\framework\src\Illuminate\Container\BoundMethod.php:36
 Illuminate\Container\BoundMethod::Illuminate\Container\{closure}() at C:\laragon\www\adv-crm\vendor\laravel\framework\src\Illuminate\Container\Util.php:41
 Illuminate\Container\Util::unwrapIfClosure() at C:\laragon\www\adv-crm\vendor\laravel\framework\src\Illuminate\Container\BoundMethod.php:93
 Illuminate\Container\BoundMethod::callBoundMethod() at C:\laragon\www\adv-crm\vendor\laravel\framework\src\Illuminate\Container\BoundMethod.php:35
 Illuminate\Container\BoundMethod::call() at C:\laragon\www\adv-crm\vendor\laravel\framework\src\Illuminate\Container\Container.php:662
 Illuminate\Container\Container->call() at C:\laragon\www\adv-crm\vendor\laravel\framework\src\Illuminate\Console\Command.php:211
 Illuminate\Console\Command->execute() at C:\laragon\www\adv-crm\vendor\symfony\console\Command\Command.php:326
 Symfony\Component\Console\Command\Command->run() at C:\laragon\www\adv-crm\vendor\laravel\framework\src\Illuminate\Console\Command.php:180
 Illuminate\Console\Command->run() at C:\laragon\www\adv-crm\vendor\symfony\console\Application.php:1106
 Symfony\Component\Console\Application->doRunCommand() at C:\laragon\www\adv-crm\vendor\symfony\console\Application.php:324
 Symfony\Component\Console\Application->doRun() at C:\laragon\www\adv-crm\vendor\symfony\console\Application.php:175
 Symfony\Component\Console\Application->run() at C:\laragon\www\adv-crm\vendor\laravel\framework\src\Illuminate\Foundation\Console\Kernel.php:201
 Illuminate\Foundation\Console\Kernel->handle() at C:\laragon\www\adv-crm\artisan:35

